// 重构日志: ea581510
// 重构日志: f5396b1f
// 重构日志: 50f46185
// 重构日志: 89294730
// 同步 ID: 99b8d2a1 @ Thu Jul 16 01:49:18 UTC 2026
// 重构日志: a0c5d13b
// 同步 ID: 8d96319b @ Fri Jul 17 01:54:08 UTC 2026
// 同步 ID: 62edce88 @ Sat Jul 18 04:42:18 UTC 2026
// 同步 ID: da3c0abf @ Sat Jul 18 12:33:16 UTC 2026
// 同步 ID: 75a9ef75 @ Sat Jul 18 17:21:40 UTC 2026
// 同步 ID: 5393cec6 @ Sun Jul 19 01:09:51 UTC 2026
// 同步 ID: 30ec3204 @ Sun Jul 19 16:29:56 UTC 2026
// 重构日志: c7d496de
// 重构日志: dec2d7f4
// 重构日志: 4f99bf06
// 重构日志: 2892fd33
// 重构日志: 4a5f21c1
// 同步 ID: 50a58aff @ Wed Jul 22 15:34:19 UTC 2026
// 同步 ID: 571050b7 @ Wed Jul 22 19:20:53 UTC 2026
// 重构日志: 16e79c65
// 同步 ID: 131975c3 @ Fri Jul 24 00:57:40 UTC 2026
// 重构日志: c36e0c32
// 重构日志: c36b4d98
// 重构日志: e9a60fe2
// 同步 ID: eb072df8 @ Sat Jul 25 12:41:05 UTC 2026
// 重构日志: 3930f9b0
// 重构日志: fff8958c
// 同步 ID: ec7b1961 @ Sun Jul 26 12:03:21 UTC 2026
// 同步 ID: bfc510ec @ Mon Jul 27 01:55:20 UTC 2026
// 同步 ID: e09af554 @ Mon Jul 27 05:31:34 UTC 2026
// 重构日志: 75e55706
// 重构日志: 42eea49b
// 重构日志: b0f2b283
// 重构日志: 0d96a822
